// Jest Snapshot v1, https://goo.gl/fbAQLP

exports[`The Links page renders correctly 1`] = `
<div
  className="w-3/5 ml-auto mr-auto"
>
  <h1
    className="text-center text-xl"
  >
    Feature Links
  </h1>
  <ul
    className="list-disc"
  >
    <li>
      <a
        href="/login"
        onClick={[Function]}
      >
        Login (Jack)
      </a>
    </li>
    <li>
      <a
        href="/register"
        onClick={[Function]}
      >
        Registration (Jack)
      </a>
    </li>
    <li>
      <a
        href="/profile"
        onClick={[Function]}
      >
        Profile (Jibreil)
      </a>
    </li>
    <li>
      <a
        href="/editprofile"
        onClick={[Function]}
      >
        Edit Profile (Jibreil)
      </a>
    </li>
    <li>
      <a
        href="/links"
        onClick={[Function]}
      >
        Create Post (Alwin)
      </a>
    </li>
    <li>
      <a
        href="/feed"
        onClick={[Function]}
      >
        Feed (Brandon)
      </a>
    </li>
    <li>
      <a
        href="/manageposts"
        onClick={[Function]}
      >
        Managing Posts (Shaan)
      </a>
    </li>
    <li>
      <a
        href="/scheduleposts"
        onClick={[Function]}
      >
        Schedule Posts (Shaan)
      </a>
    </li>
    <li>
      <a
        href="/updateposts"
        onClick={[Function]}
      >
        Update Posts (Shaan)
      </a>
    </li>
    <li>
      <a
        href="/search"
        onClick={[Function]}
      >
        Search (Trong)
      </a>
    </li>
  </ul>
</div>
`;
