// Jest Snapshot v1, https://goo.gl/fbAQLP

exports[`The Login page renders correctly 1`] = `
<div
  className="m-12 w-4/5 h-full ml-auto mr-auto flex max-w-[750px]"
>
  <div
    className="hidden md:block flex-auto w-32 mr-8"
  >
    <img
      alt="Promotional screenshots of the website"
      height={581}
      src="/images/login/login-screenshot.png"
      width={380}
    />
  </div>
  <div
    className="flex flex-col justify-center flex-auto w-14"
  >
    <div
      className="py-12 px-8 bg-white border undefined"
    >
      <img
        alt="Foodstaram Logo"
        className="h-10 ml-auto mr-auto mb-8"
        src="test-file-stub"
      />
      <form
        onSubmit={[Function]}
      >
        <input
          className="p-2 w-full rounded-sm mb-2 border hover:border-gray-500 focus-visible:border text-xs bg-white undefined"
          initialValue=""
          name="email"
          onChange={[Function]}
          placeholder="Email address"
          type="email"
          value=""
        />
        <input
          className="p-2 w-full rounded-sm mb-2 border hover:border-gray-500 focus-visible:border text-xs bg-white undefined"
          initialValue=""
          name="password"
          onChange={[Function]}
          placeholder="Password"
          type="password"
          value=""
        />
        <p
          className="text-xs text-center text-gray-400 mt-2 mb-6"
        >
          <a
            className="font-medium text-gray-500"
            href="/"
          >
            Forgotten your password?
          </a>
        </p>
        <button
          className="w-full bg-insta-green text-white text-sm p-[5px] rounded-md font-medium"
          disabled={false}
          loading={false}
          text="Log In"
          type="submit"
        >
          Log In
        </button>
      </form>
    </div>
    <div
      className="mt-2 py-4 px-8 bg-white border undefined"
    >
      <p
        className="text-sm text-center"
      >
        Don't have an account?
         
        <a
          className="text-insta-green"
          href="/register"
        >
          Sign Up
        </a>
      </p>
    </div>
  </div>
</div>
`;

exports[`renders correctly 1`] = `
<div
  className="m-12 w-4/5 h-full ml-auto mr-auto flex max-w-[750px]"
>
  <div
    className="hidden md:block flex-auto w-32 mr-8"
  >
    <img
      alt="Promotional screenshots of the website"
      height={581}
      src="/images/login/login-screenshot.png"
      width={380}
    />
  </div>
  <div
    className="flex flex-col justify-center flex-auto w-14"
  >
    <div
      className="py-12 px-8 bg-white border undefined"
    >
      <img
        alt="Foodstaram Logo"
        className="h-10 ml-auto mr-auto mb-8"
        src="test-file-stub"
      />
      <form
        onSubmit={[Function]}
      >
        <input
          className="p-2 w-full rounded-sm mb-2 border hover:border-gray-500 focus-visible:border text-xs bg-white undefined"
          initialValue=""
          name="email"
          onChange={[Function]}
          placeholder="Email address"
          type="email"
          value=""
        />
        <input
          className="p-2 w-full rounded-sm mb-2 border hover:border-gray-500 focus-visible:border text-xs bg-white undefined"
          initialValue=""
          name="password"
          onChange={[Function]}
          placeholder="Password"
          type="password"
          value=""
        />
        <p
          className="text-xs text-center text-gray-400 mt-2 mb-6"
        >
          <a
            className="font-medium text-gray-500"
            href="/"
          >
            Forgotten your password?
          </a>
        </p>
        <button
          className="w-full bg-insta-green text-white text-sm p-[5px] rounded-md font-medium"
          disabled={false}
          loading={false}
          text="Log In"
          type="submit"
        >
          Log In
        </button>
      </form>
    </div>
    <div
      className="mt-2 py-4 px-8 bg-white border undefined"
    >
      <p
        className="text-sm text-center"
      >
        Don't have an account?
         
        <a
          className="text-insta-green"
          href="/register"
        >
          Sign Up
        </a>
      </p>
    </div>
  </div>
</div>
`;
