// Jest Snapshot v1, https://goo.gl/fbAQLP

exports[`The business/managePosts page renders correctly 1`] = `
<div
  className="mx-16"
>
  <div
    className="my-3"
  >
    <div
      className="flex items-center justify-start py-4 border-b-[1px] border-light-gray"
    >
      <div>
        <button
          className="font-semibold py-1 px-2 rounded-sm mx-2 opacity-50 hover:opacity-100 bg-insta-light-blue text-insta-dark-blue hover:bg-insta-light-blue-hover"
          onClick={[Function]}
        >
          Published
        </button>
      </div>
      <div>
        <button
          className="font-semibold py-1 px-2 rounded-sm mx-2 opacity-50 hover:opacity-100 bg-slate-100"
          onClick={[Function]}
        >
          Scheduled
        </button>
      </div>
      <div>
        <button
          className="font-semibold py-1 px-2 rounded-sm mx-2 opacity-50 hover:opacity-100 bg-slate-100"
          onClick={[Function]}
        >
          Drafts
        </button>
      </div>
    </div>
    <div
      className="flex items-center justify-start py-4 w-full"
    >
      <div
        className="flex items-center justify-start w-2/3"
      >
        <div
          className="flex items-center justify-start w-1/3"
        >
          <p
            className="text-sm font-semibold mr-4"
          >
            Filter by category:
          </p>
          <select
            onChange={[Function]}
          >
            <option>
              Nothing
            </option>
          </select>
        </div>
        <div
          className="flex justify-start items-center relative mr-2 w-2/3"
        >
          <input
            className="w-full pl-12 pr-2 border-[1px] border-light-gray py-2 rounded-md"
            onChange={[Function]}
            placeholder="Search Artwork / Creators Name"
            type="text"
            value=""
          />
        </div>
      </div>
      <div
        className="flex justify-end items-center w-1/3"
      >
        <a
          href="/scheduleposts"
          onClick={[Function]}
        >
          <div
            className="flex items-center justify-end relative"
          >
            <button
              className="pl-10 pr-4 bg-insta-green rounded-[5px] text-white p-2 opacity-90 hover:opacity-100"
            >
              Create Post
            </button>
          </div>
        </a>
      </div>
    </div>
    <table
      className="table-fixed w-full overflow-hidden"
    >
      <thead>
        <tr>
          <th
            className="text-left"
            colSpan={8}
          >
            <p
              className="text-sm font-semibold mr-2"
            >
              Title
            </p>
          </th>
          <th
            className="text-left"
            colSpan={8}
          >
            <p
              className="text-sm font-semibold mr-2"
            >
              Date published
            </p>
          </th>
          <th
            className="text-left"
            colSpan={4}
          >
            <div
              className="flex items-center justify-start"
            >
              <p
                className="text-sm font-semibold mr-2"
              >
                Reach
              </p>
            </div>
          </th>
          <th
            className="text-left"
            colSpan={4}
          >
            <div
              className="flex items-center justify-start"
            >
              <p
                className="text-sm font-semibold mr-2"
              >
                Engagements
              </p>
            </div>
          </th>
          <th
            className="text-left"
            colSpan={4}
          >
            <div
              className="flex items-center justify-start"
            >
              <p
                className="text-sm font-semibold mr-2"
              >
                Likes and reactions
              </p>
            </div>
          </th>
          <th
            className="text-left"
            colSpan={4}
          >
            <div
              className="flex items-center justify-start"
            >
              <p
                className="text-sm font-semibold mr-2"
              >
                Comments
              </p>
            </div>
          </th>
          <th
            className="text-center"
            colSpan={4}
          >
            <div
              className="flex items-center justify-center"
            >
              <p
                className="text-sm font-semibold mr-2"
              >
                Categories
              </p>
            </div>
          </th>
        </tr>
      </thead>
      <tbody />
    </table>
  </div>
</div>
`;
